// Jest Snapshot v1, https://goo.gl/fbAQLP

exports[`Home.vue should create home 1`] = `
<div class="home-wrapper content-section">
  <h1>Welcome</h1>
  <p class="mt-1">Use the menu above to navigate through the system</p>
</div>
`;
