// Jest Snapshot v1, https://goo.gl/fbAQLP

exports[`StoreList.vue should create 1`] = `
<div class="stores-list-wrapper content-section">
  <h1>Stores</h1>
  <div class="stores-list-content mt-4">
    <div class="stores-list-search mb-3">
      <div class="store-autocomplete-wrapper form-group">
        <div class="form-control-icon"><input placeholder="Search stores or cities" type="text" name="search" autocomplete="off" class="form-control">
          <div class="form-icon"><svg xmlns="http://www.w3.org/2000/svg" viewBox="0 0 20 20" fill="currentColor">
              <path fill-rule="evenodd" d="M8 4a4 4 0 100 8 4 4 0 000-8zM2 8a6 6 0 1110.89 3.476l4.817 4.817a1 1 0 01-1.414 1.414l-4.816-4.816A6 6 0 012 8z" clip-rule="evenodd"></path>
            </svg></div>
        </div>
        <!---->
      </div>
    </div>
    <hr>
    <div><a href="https://www.google.com/maps/search/?api=1&amp;query=Jumbo St. Nicolaasga Jan Altenburg" target="_blank" class="store-card card mt-3">
        <div class="card-content">
          <h4>Jumbo St. Nicolaasga Jan Altenburg</h4>
          <div class="extras flex flex-wrap">
            <p class="text-sm mt-1 mr-4 inline text-gray-700"><svg aria-hidden="true" focusable="false" data-icon="map-marker-alt" role="img" xmlns="http://www.w3.org/2000/svg" viewBox="0 0 384 512" class="w-4 h-4 text-gray-400 inline mr-1 align-text-bottom">
                <path fill="currentColor" d="M172.268 501.67C26.97 291.031 0 269.413 0 192 0 85.961 85.961 0 192 0s192 85.961 192 192c0 77.413-26.97 99.031-172.268 309.67-9.535 13.774-29.93 13.773-39.464 0zM192 272c44.183 0 80-35.817 80-80s-35.817-80-80-80-80 35.817-80 80 35.817 80 80 80z"></path>
              </svg>
              Molewei 1
            </p>
            <p class="text-sm mt-1 mr-4 inline text-gray-700"><svg aria-hidden="true" focusable="false" data-icon="city" role="img" xmlns="http://www.w3.org/2000/svg" viewBox="0 0 640 512" class="w-4 h-4 text-gray-400 inline mr-1 align-text-bottom">
                <path fill="currentColor" d="M616 192H480V24c0-13.26-10.74-24-24-24H312c-13.26 0-24 10.74-24 24v72h-64V16c0-8.84-7.16-16-16-16h-16c-8.84 0-16 7.16-16 16v80h-64V16c0-8.84-7.16-16-16-16H80c-8.84 0-16 7.16-16 16v80H24c-13.26 0-24 10.74-24 24v360c0 17.67 14.33 32 32 32h576c17.67 0 32-14.33 32-32V216c0-13.26-10.75-24-24-24zM128 404c0 6.63-5.37 12-12 12H76c-6.63 0-12-5.37-12-12v-40c0-6.63 5.37-12 12-12h40c6.63 0 12 5.37 12 12v40zm0-96c0 6.63-5.37 12-12 12H76c-6.63 0-12-5.37-12-12v-40c0-6.63 5.37-12 12-12h40c6.63 0 12 5.37 12 12v40zm0-96c0 6.63-5.37 12-12 12H76c-6.63 0-12-5.37-12-12v-40c0-6.63 5.37-12 12-12h40c6.63 0 12 5.37 12 12v40zm128 192c0 6.63-5.37 12-12 12h-40c-6.63 0-12-5.37-12-12v-40c0-6.63 5.37-12 12-12h40c6.63 0 12 5.37 12 12v40zm0-96c0 6.63-5.37 12-12 12h-40c-6.63 0-12-5.37-12-12v-40c0-6.63 5.37-12 12-12h40c6.63 0 12 5.37 12 12v40zm0-96c0 6.63-5.37 12-12 12h-40c-6.63 0-12-5.37-12-12v-40c0-6.63 5.37-12 12-12h40c6.63 0 12 5.37 12 12v40zm160 96c0 6.63-5.37 12-12 12h-40c-6.63 0-12-5.37-12-12v-40c0-6.63 5.37-12 12-12h40c6.63 0 12 5.37 12 12v40zm0-96c0 6.63-5.37 12-12 12h-40c-6.63 0-12-5.37-12-12v-40c0-6.63 5.37-12 12-12h40c6.63 0 12 5.37 12 12v40zm0-96c0 6.63-5.37 12-12 12h-40c-6.63 0-12-5.37-12-12V76c0-6.63 5.37-12 12-12h40c6.63 0 12 5.37 12 12v40zm160 288c0 6.63-5.37 12-12 12h-40c-6.63 0-12-5.37-12-12v-40c0-6.63 5.37-12 12-12h40c6.63 0 12 5.37 12 12v40zm0-96c0 6.63-5.37 12-12 12h-40c-6.63 0-12-5.37-12-12v-40c0-6.63 5.37-12 12-12h40c6.63 0 12 5.37 12 12v40z"></path>
              </svg>

              8521 KD St. Nicolaasga
            </p>
            <p class="text-sm mt-1 mr-4 inline text-gray-700"><svg aria-hidden="true" focusable="false" data-icon="clock" role="img" xmlns="http://www.w3.org/2000/svg" viewBox="0 0 512 512" class="w-4 h-4 text-gray-400 inline mr-1 align-text-bottom">
                <path fill="currentColor" d="M256 8C119 8 8 119 8 256s111 248 248 248 248-111 248-248S393 8 256 8zm0 448c-110.5 0-200-89.5-200-200S145.5 56 256 56s200 89.5 200 200-89.5 200-200 200zm61.8-104.4l-84.9-61.7c-3.1-2.3-4.9-5.9-4.9-9.7V116c0-6.6 5.4-12 12-12h32c6.6 0 12 5.4 12 12v141.7l66.8 48.6c5.4 3.9 6.5 11.4 2.6 16.8L334.6 349c-3.9 5.3-11.4 6.5-16.8 2.6z"></path>
              </svg>
              Open 08:00 to 20:00<span>, Opens sunday</span></p>
          </div>
        </div>
      </a><a href="https://www.google.com/maps/search/?api=1&amp;query=Jumbo St. Oedenrode Hertog Hendrikstraat" target="_blank" class="store-card card mt-3">
        <div class="card-content">
          <h4>Jumbo St. Oedenrode Hertog Hendrikstraat</h4>
          <div class="extras flex flex-wrap">
            <p class="text-sm mt-1 mr-4 inline text-gray-700"><svg aria-hidden="true" focusable="false" data-icon="map-marker-alt" role="img" xmlns="http://www.w3.org/2000/svg" viewBox="0 0 384 512" class="w-4 h-4 text-gray-400 inline mr-1 align-text-bottom">
                <path fill="currentColor" d="M172.268 501.67C26.97 291.031 0 269.413 0 192 0 85.961 85.961 0 192 0s192 85.961 192 192c0 77.413-26.97 99.031-172.268 309.67-9.535 13.774-29.93 13.773-39.464 0zM192 272c44.183 0 80-35.817 80-80s-35.817-80-80-80-80 35.817-80 80 35.817 80 80 80z"></path>
              </svg>
              Hertog Hendrikstraat 1
            </p>
            <p class="text-sm mt-1 mr-4 inline text-gray-700"><svg aria-hidden="true" focusable="false" data-icon="city" role="img" xmlns="http://www.w3.org/2000/svg" viewBox="0 0 640 512" class="w-4 h-4 text-gray-400 inline mr-1 align-text-bottom">
                <path fill="currentColor" d="M616 192H480V24c0-13.26-10.74-24-24-24H312c-13.26 0-24 10.74-24 24v72h-64V16c0-8.84-7.16-16-16-16h-16c-8.84 0-16 7.16-16 16v80h-64V16c0-8.84-7.16-16-16-16H80c-8.84 0-16 7.16-16 16v80H24c-13.26 0-24 10.74-24 24v360c0 17.67 14.33 32 32 32h576c17.67 0 32-14.33 32-32V216c0-13.26-10.75-24-24-24zM128 404c0 6.63-5.37 12-12 12H76c-6.63 0-12-5.37-12-12v-40c0-6.63 5.37-12 12-12h40c6.63 0 12 5.37 12 12v40zm0-96c0 6.63-5.37 12-12 12H76c-6.63 0-12-5.37-12-12v-40c0-6.63 5.37-12 12-12h40c6.63 0 12 5.37 12 12v40zm0-96c0 6.63-5.37 12-12 12H76c-6.63 0-12-5.37-12-12v-40c0-6.63 5.37-12 12-12h40c6.63 0 12 5.37 12 12v40zm128 192c0 6.63-5.37 12-12 12h-40c-6.63 0-12-5.37-12-12v-40c0-6.63 5.37-12 12-12h40c6.63 0 12 5.37 12 12v40zm0-96c0 6.63-5.37 12-12 12h-40c-6.63 0-12-5.37-12-12v-40c0-6.63 5.37-12 12-12h40c6.63 0 12 5.37 12 12v40zm0-96c0 6.63-5.37 12-12 12h-40c-6.63 0-12-5.37-12-12v-40c0-6.63 5.37-12 12-12h40c6.63 0 12 5.37 12 12v40zm160 96c0 6.63-5.37 12-12 12h-40c-6.63 0-12-5.37-12-12v-40c0-6.63 5.37-12 12-12h40c6.63 0 12 5.37 12 12v40zm0-96c0 6.63-5.37 12-12 12h-40c-6.63 0-12-5.37-12-12v-40c0-6.63 5.37-12 12-12h40c6.63 0 12 5.37 12 12v40zm0-96c0 6.63-5.37 12-12 12h-40c-6.63 0-12-5.37-12-12V76c0-6.63 5.37-12 12-12h40c6.63 0 12 5.37 12 12v40zm160 288c0 6.63-5.37 12-12 12h-40c-6.63 0-12-5.37-12-12v-40c0-6.63 5.37-12 12-12h40c6.63 0 12 5.37 12 12v40zm0-96c0 6.63-5.37 12-12 12h-40c-6.63 0-12-5.37-12-12v-40c0-6.63 5.37-12 12-12h40c6.63 0 12 5.37 12 12v40z"></path>
              </svg>

              5492 BA St. Oedenrode
            </p>
            <p class="text-sm mt-1 mr-4 inline text-gray-700"><svg aria-hidden="true" focusable="false" data-icon="clock" role="img" xmlns="http://www.w3.org/2000/svg" viewBox="0 0 512 512" class="w-4 h-4 text-gray-400 inline mr-1 align-text-bottom">
                <path fill="currentColor" d="M256 8C119 8 8 119 8 256s111 248 248 248 248-111 248-248S393 8 256 8zm0 448c-110.5 0-200-89.5-200-200S145.5 56 256 56s200 89.5 200 200-89.5 200-200 200zm61.8-104.4l-84.9-61.7c-3.1-2.3-4.9-5.9-4.9-9.7V116c0-6.6 5.4-12 12-12h32c6.6 0 12 5.4 12 12v141.7l66.8 48.6c5.4 3.9 6.5 11.4 2.6 16.8L334.6 349c-3.9 5.3-11.4 6.5-16.8 2.6z"></path>
              </svg>
              Open 08:00 to 21:00<span>, Opens sunday</span></p>
          </div>
        </div>
      </a></div>
  </div>
</div>
`;

exports[`StoreList.vue should create test 1`] = `
<div class="stores-list-wrapper content-section">
  <h1>Stores</h1>
  <div class="stores-list-content mt-4">
    <div class="stores-list-search mb-3">
      <div class="store-autocomplete-wrapper form-group">
        <div class="form-control-icon"><input placeholder="Search stores or cities" type="text" name="search" autocomplete="off" class="form-control">
          <div class="form-icon"><svg xmlns="http://www.w3.org/2000/svg" viewBox="0 0 20 20" fill="currentColor">
              <path fill-rule="evenodd" d="M8 4a4 4 0 100 8 4 4 0 000-8zM2 8a6 6 0 1110.89 3.476l4.817 4.817a1 1 0 01-1.414 1.414l-4.816-4.816A6 6 0 012 8z" clip-rule="evenodd"></path>
            </svg></div>
        </div>
        <!---->
      </div>
    </div>
    <hr>
    <div><a href="https://www.google.com/maps/search/?api=1&amp;query=Jumbo St. Oedenrode Hertog Hendrikstraat" target="_blank" class="store-card card mt-3">
        <div class="card-content">
          <h4>Jumbo St. Oedenrode Hertog Hendrikstraat</h4>
          <div class="extras flex flex-wrap">
            <p class="text-sm mt-1 mr-4 inline text-gray-700"><svg aria-hidden="true" focusable="false" data-icon="map-marker-alt" role="img" xmlns="http://www.w3.org/2000/svg" viewBox="0 0 384 512" class="w-4 h-4 text-gray-400 inline mr-1 align-text-bottom">
                <path fill="currentColor" d="M172.268 501.67C26.97 291.031 0 269.413 0 192 0 85.961 85.961 0 192 0s192 85.961 192 192c0 77.413-26.97 99.031-172.268 309.67-9.535 13.774-29.93 13.773-39.464 0zM192 272c44.183 0 80-35.817 80-80s-35.817-80-80-80-80 35.817-80 80 35.817 80 80 80z"></path>
              </svg>
              Hertog Hendrikstraat 1
            </p>
            <p class="text-sm mt-1 mr-4 inline text-gray-700"><svg aria-hidden="true" focusable="false" data-icon="city" role="img" xmlns="http://www.w3.org/2000/svg" viewBox="0 0 640 512" class="w-4 h-4 text-gray-400 inline mr-1 align-text-bottom">
                <path fill="currentColor" d="M616 192H480V24c0-13.26-10.74-24-24-24H312c-13.26 0-24 10.74-24 24v72h-64V16c0-8.84-7.16-16-16-16h-16c-8.84 0-16 7.16-16 16v80h-64V16c0-8.84-7.16-16-16-16H80c-8.84 0-16 7.16-16 16v80H24c-13.26 0-24 10.74-24 24v360c0 17.67 14.33 32 32 32h576c17.67 0 32-14.33 32-32V216c0-13.26-10.75-24-24-24zM128 404c0 6.63-5.37 12-12 12H76c-6.63 0-12-5.37-12-12v-40c0-6.63 5.37-12 12-12h40c6.63 0 12 5.37 12 12v40zm0-96c0 6.63-5.37 12-12 12H76c-6.63 0-12-5.37-12-12v-40c0-6.63 5.37-12 12-12h40c6.63 0 12 5.37 12 12v40zm0-96c0 6.63-5.37 12-12 12H76c-6.63 0-12-5.37-12-12v-40c0-6.63 5.37-12 12-12h40c6.63 0 12 5.37 12 12v40zm128 192c0 6.63-5.37 12-12 12h-40c-6.63 0-12-5.37-12-12v-40c0-6.63 5.37-12 12-12h40c6.63 0 12 5.37 12 12v40zm0-96c0 6.63-5.37 12-12 12h-40c-6.63 0-12-5.37-12-12v-40c0-6.63 5.37-12 12-12h40c6.63 0 12 5.37 12 12v40zm0-96c0 6.63-5.37 12-12 12h-40c-6.63 0-12-5.37-12-12v-40c0-6.63 5.37-12 12-12h40c6.63 0 12 5.37 12 12v40zm160 96c0 6.63-5.37 12-12 12h-40c-6.63 0-12-5.37-12-12v-40c0-6.63 5.37-12 12-12h40c6.63 0 12 5.37 12 12v40zm0-96c0 6.63-5.37 12-12 12h-40c-6.63 0-12-5.37-12-12v-40c0-6.63 5.37-12 12-12h40c6.63 0 12 5.37 12 12v40zm0-96c0 6.63-5.37 12-12 12h-40c-6.63 0-12-5.37-12-12V76c0-6.63 5.37-12 12-12h40c6.63 0 12 5.37 12 12v40zm160 288c0 6.63-5.37 12-12 12h-40c-6.63 0-12-5.37-12-12v-40c0-6.63 5.37-12 12-12h40c6.63 0 12 5.37 12 12v40zm0-96c0 6.63-5.37 12-12 12h-40c-6.63 0-12-5.37-12-12v-40c0-6.63 5.37-12 12-12h40c6.63 0 12 5.37 12 12v40z"></path>
              </svg>

              5492 BA St. Oedenrode
            </p>
            <p class="text-sm mt-1 mr-4 inline text-gray-700"><svg aria-hidden="true" focusable="false" data-icon="clock" role="img" xmlns="http://www.w3.org/2000/svg" viewBox="0 0 512 512" class="w-4 h-4 text-gray-400 inline mr-1 align-text-bottom">
                <path fill="currentColor" d="M256 8C119 8 8 119 8 256s111 248 248 248 248-111 248-248S393 8 256 8zm0 448c-110.5 0-200-89.5-200-200S145.5 56 256 56s200 89.5 200 200-89.5 200-200 200zm61.8-104.4l-84.9-61.7c-3.1-2.3-4.9-5.9-4.9-9.7V116c0-6.6 5.4-12 12-12h32c6.6 0 12 5.4 12 12v141.7l66.8 48.6c5.4 3.9 6.5 11.4 2.6 16.8L334.6 349c-3.9 5.3-11.4 6.5-16.8 2.6z"></path>
              </svg>
              Open 08:00 to 21:00<span>, Opens sunday</span></p>
          </div>
        </div>
      </a></div>
  </div>
</div>
`;
