// Jest Snapshot v1, https://goo.gl/fbAQLP

exports[`Stores.vue should create 1`] = `
<div><button class="btn btn-blue mr-8">
    Show stores
  </button> <button class="btn btn-blue">
    Show cities
  </button>
  <!---->
  <!---->
</div>
`;
