// Jest Snapshot v1, https://goo.gl/fbAQLP

exports[`CitiesPage.vue should create 1`] = `
<div class="cities-page-wrapper">
  <citieslist-stub></citieslist-stub>
</div>
`;
