// Jest Snapshot v1, https://goo.gl/fbAQLP

exports[`App.vue should create 1`] = `
<div class="app-wrapper">
  <mainnavbar-stub></mainnavbar-stub>
  <div class="app-main-content xl:container xl:mx-auto px-3 py-6">
    <router-view-stub></router-view-stub>
  </div>
</div>
`;
