// Jest Snapshot v1, https://goo.gl/fbAQLP

exports[`StoresPage.vue should create 1`] = `
<div class="stores-page-wrapper">
  <storeslist-stub></storeslist-stub>
</div>
`;
